0 verbose cli /usr/bin/node /usr/bin/npm
1 info using npm@11.4.1
2 info using node@v24.1.0
3 silly config load:file:/usr/lib/node_modules/npm/npmrc
4 silly config load:file:/home/vincent/.cache/dots-hyprland/arch-packages/illogical-impulse-agsv1-git/src/ii-agsv1/.npmrc
5 silly config load:file:/home/vincent/.npmrc
6 silly config load:file:/etc/npmrc
7 verbose title npm install
8 verbose argv "install"
9 verbose logfile logs-max:10 dir:/home/vincent/.npm/_logs/2025-06-06T23_53_21_310Z-
10 verbose logfile /home/vincent/.npm/_logs/2025-06-06T23_53_21_310Z-debug-0.log
11 silly logfile done cleaning log files
12 silly packumentCache heap:4496293888 maxSize:1124073472 maxEntrySize:562036736
13 silly idealTree buildDeps
14 silly reify moves {}
15 silly audit bulk request {
15 silly audit   '@aashutoshrathi/word-wrap': [ '1.2.6' ],
15 silly audit   '@eslint-community/eslint-utils': [ '4.4.0' ],
15 silly audit   '@eslint-community/regexpp': [ '4.10.0' ],
15 silly audit   '@eslint/eslintrc': [ '2.1.4' ],
15 silly audit   '@eslint/js': [ '8.56.0' ],
15 silly audit   '@girs/atk-1.0': [ '2.50.0-3.2.7', '2.45.1-3.2.2' ],
15 silly audit   '@girs/cairo-1.0': [ '1.0.0-3.2.7' ],
15 silly audit   '@girs/dbusmenu-0.4': [ '0.4.0-3.2.7' ],
15 silly audit   '@girs/dbusmenugtk3-0.4': [ '0.4.0-3.2.7' ],
15 silly audit   '@girs/gtk-3.0': [ '3.24.38-3.2.7', '3.24.39-3.2.2' ],
15 silly audit   '@girs/freetype2-2.0': [ '2.0.0-3.2.7' ],
15 silly audit   '@girs/gdk-3.0': [ '3.24.38-3.2.7', '3.24.39-3.2.2' ],
15 silly audit   '@girs/gdkpixbuf-2.0': [ '2.0.0-3.2.7' ],
15 silly audit   '@girs/gio-2.0': [ '2.78.0-3.2.7', '2.77.0-3.2.2', '2.76.1-3.2.3' ],
15 silly audit   '@girs/gjs': [ '3.2.7' ],
15 silly audit   '@girs/glib-2.0': [ '2.78.0-3.2.7', '2.77.0-3.2.2', '2.76.1-3.2.3' ],
15 silly audit   '@girs/gmodule-2.0': [ '2.0.0-3.2.7' ],
15 silly audit   '@girs/gobject-2.0': [ '2.78.0-3.2.7', '2.77.0-3.2.2', '2.76.1-3.2.3' ],
15 silly audit   '@girs/harfbuzz-0.0': [ '7.1.0-3.2.3', '8.2.1-3.2.7' ],
15 silly audit   '@girs/gvc-1.0': [ '1.0.0-3.2.7' ],
15 silly audit   '@girs/nm-1.0': [ '1.43.1-3.1.0' ],
15 silly audit   '@girs/notify-0.7': [ '0.8.3-3.2.7' ],
15 silly audit   '@girs/pango-1.0': [ '1.51.0-3.2.7' ],
15 silly audit   '@girs/soup-3.0': [ '3.4.4-3.2.7' ],
15 silly audit   '@girs/xlib-2.0': [ '2.0.0-3.2.7' ],
15 silly audit   '@humanwhocodes/config-array': [ '0.11.14' ],
15 silly audit   '@humanwhocodes/module-importer': [ '1.0.1' ],
15 silly audit   '@humanwhocodes/object-schema': [ '2.0.2' ],
15 silly audit   '@nodelib/fs.scandir': [ '2.1.5' ],
15 silly audit   '@nodelib/fs.stat': [ '2.0.5' ],
15 silly audit   '@nodelib/fs.walk': [ '1.2.8' ],
15 silly audit   '@types/json-schema': [ '7.0.15' ],
15 silly audit   '@types/semver': [ '7.5.6' ],
15 silly audit   '@typescript-eslint/eslint-plugin': [ '5.62.0' ],
15 silly audit   '@typescript-eslint/parser': [ '5.62.0' ],
15 silly audit   '@typescript-eslint/scope-manager': [ '5.62.0' ],
15 silly audit   '@typescript-eslint/type-utils': [ '5.62.0' ],
15 silly audit   '@typescript-eslint/types': [ '5.62.0' ],
15 silly audit   '@typescript-eslint/typescript-estree': [ '5.62.0' ],
15 silly audit   '@typescript-eslint/utils': [ '5.62.0' ],
15 silly audit   '@typescript-eslint/visitor-keys': [ '5.62.0' ],
15 silly audit   '@ungap/structured-clone': [ '1.2.0' ],
15 silly audit   acorn: [ '8.11.3' ],
15 silly audit   'acorn-jsx': [ '5.3.2' ],
15 silly audit   ajv: [ '6.12.6' ],
15 silly audit   'ansi-regex': [ '5.0.1' ],
15 silly audit   'ansi-styles': [ '4.3.0' ],
15 silly audit   argparse: [ '2.0.1' ],
15 silly audit   'array-union': [ '2.1.0' ],
15 silly audit   'balanced-match': [ '1.0.2' ],
15 silly audit   'brace-expansion': [ '1.1.11' ],
15 silly audit   braces: [ '3.0.2' ],
15 silly audit   callsites: [ '3.1.0' ],
15 silly audit   chalk: [ '4.1.2' ],
15 silly audit   'color-convert': [ '2.0.1' ],
15 silly audit   'color-name': [ '1.1.4' ],
15 silly audit   'concat-map': [ '0.0.1' ],
15 silly audit   'cross-spawn': [ '7.0.3' ],
15 silly audit   debug: [ '4.3.4' ],
15 silly audit   'deep-is': [ '0.1.4' ],
15 silly audit   'dir-glob': [ '3.0.1' ],
15 silly audit   doctrine: [ '3.0.0' ],
15 silly audit   'escape-string-regexp': [ '4.0.0' ],
15 silly audit   eslint: [ '8.56.0' ],
15 silly audit   'eslint-scope': [ '5.1.1', '7.2.2' ],
15 silly audit   'eslint-visitor-keys': [ '3.4.3' ],
15 silly audit   estraverse: [ '5.3.0', '4.3.0' ],
15 silly audit   espree: [ '9.6.1' ],
15 silly audit   esquery: [ '1.5.0' ],
15 silly audit   esrecurse: [ '4.3.0' ],
15 silly audit   esutils: [ '2.0.3' ],
15 silly audit   'fast-deep-equal': [ '3.1.3' ],
15 silly audit   'fast-glob': [ '3.3.2' ],
15 silly audit   'glob-parent': [ '5.1.2', '6.0.2' ],
15 silly audit   'fast-json-stable-stringify': [ '2.1.0' ],
15 silly audit   'fast-levenshtein': [ '2.0.6' ],
15 silly audit   fastq: [ '1.16.0' ],
15 silly audit   'file-entry-cache': [ '6.0.1' ],
15 silly audit   'fill-range': [ '7.0.1' ],
15 silly audit   'find-up': [ '5.0.0' ],
15 silly audit   'flat-cache': [ '3.2.0' ],
15 silly audit   flatted: [ '3.2.9' ],
15 silly audit   'fs.realpath': [ '1.0.0' ],
15 silly audit   glob: [ '7.2.3' ],
15 silly audit   globals: [ '13.24.0' ],
15 silly audit   globby: [ '11.1.0' ],
15 silly audit   graphemer: [ '1.4.0' ],
15 silly audit   'has-flag': [ '4.0.0' ],
15 silly audit   ignore: [ '5.3.0' ],
15 silly audit   'import-fresh': [ '3.3.0' ],
15 silly audit   imurmurhash: [ '0.1.4' ],
15 silly audit   inflight: [ '1.0.6' ],
15 silly audit   inherits: [ '2.0.4' ],
15 silly audit   'is-extglob': [ '2.1.1' ],
15 silly audit   'is-glob': [ '4.0.3' ],
15 silly audit   'is-number': [ '7.0.0' ],
15 silly audit   'is-path-inside': [ '3.0.3' ],
15 silly audit   isexe: [ '2.0.0' ],
15 silly audit   'js-yaml': [ '4.1.0' ],
15 silly audit   'json-buffer': [ '3.0.1' ],
15 silly audit   'json-schema-traverse': [ '0.4.1' ],
15 silly audit   'json-stable-stringify-without-jsonify': [ '1.0.1' ],
15 silly audit   keyv: [ '4.5.4' ],
15 silly audit   levn: [ '0.4.1' ],
15 silly audit   'locate-path': [ '6.0.0' ],
15 silly audit   'lodash.merge': [ '4.6.2' ],
15 silly audit   'lru-cache': [ '6.0.0' ],
15 silly audit   merge2: [ '1.4.1' ],
15 silly audit   micromatch: [ '4.0.5' ],
15 silly audit   minimatch: [ '3.1.2' ],
15 silly audit   ms: [ '2.1.2' ],
15 silly audit   'natural-compare': [ '1.4.0' ],
15 silly audit   'natural-compare-lite': [ '1.4.0' ],
15 silly audit   once: [ '1.4.0' ],
15 silly audit   optionator: [ '0.9.3' ],
15 silly audit   'p-limit': [ '3.1.0' ],
15 silly audit   'p-locate': [ '5.0.0' ],
15 silly audit   'parent-module': [ '1.0.1' ],
15 silly audit   'path-exists': [ '4.0.0' ],
15 silly audit   'path-is-absolute': [ '1.0.1' ],
15 silly audit   'path-key': [ '3.1.1' ],
15 silly audit   'path-type': [ '4.0.0' ],
15 silly audit   picomatch: [ '2.3.1' ],
15 silly audit   'prelude-ls': [ '1.2.1' ],
15 silly audit   punycode: [ '2.3.1' ],
15 silly audit   'queue-microtask': [ '1.2.3' ],
15 silly audit   'resolve-from': [ '4.0.0' ],
15 silly audit   reusify: [ '1.0.4' ],
15 silly audit   rimraf: [ '3.0.2' ],
15 silly audit   'run-parallel': [ '1.2.0' ],
15 silly audit   semver: [ '7.5.4' ],
15 silly audit   'shebang-command': [ '2.0.0' ],
15 silly audit   'shebang-regex': [ '3.0.0' ],
15 silly audit   slash: [ '3.0.0' ],
15 silly audit   'strip-ansi': [ '6.0.1' ],
15 silly audit   'strip-json-comments': [ '3.1.1' ],
15 silly audit   'supports-color': [ '7.2.0' ],
15 silly audit   'text-table': [ '0.2.0' ],
15 silly audit   'to-regex-range': [ '5.0.1' ],
15 silly audit   tslib: [ '1.14.1' ],
15 silly audit   tsutils: [ '3.21.0' ],
15 silly audit   'type-check': [ '0.4.0' ],
15 silly audit   'type-fest': [ '0.20.2' ],
15 silly audit   typescript: [ '5.3.3' ],
15 silly audit   'uri-js': [ '4.4.1' ],
15 silly audit   which: [ '2.0.2' ],
15 silly audit   wrappy: [ '1.0.2' ],
15 silly audit   yallist: [ '4.0.0' ],
15 silly audit   'yocto-queue': [ '0.1.0' ]
15 silly audit }
16 http cache yocto-queue@https://registry.npmjs.org/yocto-queue/-/yocto-queue-0.1.0.tgz 0ms (cache hit)
17 http cache uri-js@https://registry.npmjs.org/uri-js/-/uri-js-4.4.1.tgz 0ms (cache hit)
18 http cache typescript@https://registry.npmjs.org/typescript/-/typescript-5.3.3.tgz 0ms (cache hit)
19 http cache type-fest@https://registry.npmjs.org/type-fest/-/type-fest-0.20.2.tgz 0ms (cache hit)
20 http cache yallist@https://registry.npmjs.org/yallist/-/yallist-4.0.0.tgz 0ms (cache hit)
21 http cache wrappy@https://registry.npmjs.org/wrappy/-/wrappy-1.0.2.tgz 0ms (cache hit)
22 http cache type-check@https://registry.npmjs.org/type-check/-/type-check-0.4.0.tgz 0ms (cache hit)
23 http cache which@https://registry.npmjs.org/which/-/which-2.0.2.tgz 0ms (cache hit)
24 http cache tsutils@https://registry.npmjs.org/tsutils/-/tsutils-3.21.0.tgz 0ms (cache hit)
25 http cache to-regex-range@https://registry.npmjs.org/to-regex-range/-/to-regex-range-5.0.1.tgz 0ms (cache hit)
26 http cache supports-color@https://registry.npmjs.org/supports-color/-/supports-color-7.2.0.tgz 0ms (cache hit)
27 http cache strip-json-comments@https://registry.npmjs.org/strip-json-comments/-/strip-json-comments-3.1.1.tgz 0ms (cache hit)
28 http cache tslib@https://registry.npmjs.org/tslib/-/tslib-1.14.1.tgz 0ms (cache hit)
29 http cache text-table@https://registry.npmjs.org/text-table/-/text-table-0.2.0.tgz 0ms (cache hit)
30 http cache strip-ansi@https://registry.npmjs.org/strip-ansi/-/strip-ansi-6.0.1.tgz 0ms (cache hit)
31 http cache slash@https://registry.npmjs.org/slash/-/slash-3.0.0.tgz 0ms (cache hit)
32 http cache semver@https://registry.npmjs.org/semver/-/semver-7.5.4.tgz 0ms (cache hit)
33 http cache run-parallel@https://registry.npmjs.org/run-parallel/-/run-parallel-1.2.0.tgz 0ms (cache hit)
34 http cache rimraf@https://registry.npmjs.org/rimraf/-/rimraf-3.0.2.tgz 0ms (cache hit)
35 http cache shebang-command@https://registry.npmjs.org/shebang-command/-/shebang-command-2.0.0.tgz 0ms (cache hit)
36 http cache reusify@https://registry.npmjs.org/reusify/-/reusify-1.0.4.tgz 0ms (cache hit)
37 http cache resolve-from@https://registry.npmjs.org/resolve-from/-/resolve-from-4.0.0.tgz 0ms (cache hit)
38 http cache queue-microtask@https://registry.npmjs.org/queue-microtask/-/queue-microtask-1.2.3.tgz 0ms (cache hit)
39 http cache prelude-ls@https://registry.npmjs.org/prelude-ls/-/prelude-ls-1.2.1.tgz 0ms (cache hit)
40 http cache picomatch@https://registry.npmjs.org/picomatch/-/picomatch-2.3.1.tgz 0ms (cache hit)
41 http cache path-type@https://registry.npmjs.org/path-type/-/path-type-4.0.0.tgz 0ms (cache hit)
42 http cache punycode@https://registry.npmjs.org/punycode/-/punycode-2.3.1.tgz 0ms (cache hit)
43 http cache path-key@https://registry.npmjs.org/path-key/-/path-key-3.1.1.tgz 0ms (cache hit)
44 http cache path-is-absolute@https://registry.npmjs.org/path-is-absolute/-/path-is-absolute-1.0.1.tgz 0ms (cache hit)
45 http cache shebang-regex@https://registry.npmjs.org/shebang-regex/-/shebang-regex-3.0.0.tgz 0ms (cache hit)
46 http cache parent-module@https://registry.npmjs.org/parent-module/-/parent-module-1.0.1.tgz 0ms (cache hit)
47 http cache p-locate@https://registry.npmjs.org/p-locate/-/p-locate-5.0.0.tgz 0ms (cache hit)
48 http cache path-exists@https://registry.npmjs.org/path-exists/-/path-exists-4.0.0.tgz 0ms (cache hit)
49 http cache optionator@https://registry.npmjs.org/optionator/-/optionator-0.9.3.tgz 0ms (cache hit)
50 http cache once@https://registry.npmjs.org/once/-/once-1.4.0.tgz 0ms (cache hit)
51 http cache natural-compare@https://registry.npmjs.org/natural-compare/-/natural-compare-1.4.0.tgz 0ms (cache hit)
52 http cache p-limit@https://registry.npmjs.org/p-limit/-/p-limit-3.1.0.tgz 0ms (cache hit)
53 http cache ms@https://registry.npmjs.org/ms/-/ms-2.1.2.tgz 0ms (cache hit)
54 http cache natural-compare-lite@https://registry.npmjs.org/natural-compare-lite/-/natural-compare-lite-1.4.0.tgz 0ms (cache hit)
55 http cache minimatch@https://registry.npmjs.org/minimatch/-/minimatch-3.1.2.tgz 0ms (cache hit)
56 http cache merge2@https://registry.npmjs.org/merge2/-/merge2-1.4.1.tgz 0ms (cache hit)
57 http cache lru-cache@https://registry.npmjs.org/lru-cache/-/lru-cache-6.0.0.tgz 0ms (cache hit)
58 http cache micromatch@https://registry.npmjs.org/micromatch/-/micromatch-4.0.5.tgz 0ms (cache hit)
59 http cache locate-path@https://registry.npmjs.org/locate-path/-/locate-path-6.0.0.tgz 0ms (cache hit)
60 http cache levn@https://registry.npmjs.org/levn/-/levn-0.4.1.tgz 0ms (cache hit)
61 http cache json-stable-stringify-without-jsonify@https://registry.npmjs.org/json-stable-stringify-without-jsonify/-/json-stable-stringify-without-jsonify-1.0.1.tgz 0ms (cache hit)
62 http cache json-schema-traverse@https://registry.npmjs.org/json-schema-traverse/-/json-schema-traverse-0.4.1.tgz 0ms (cache hit)
63 http cache keyv@https://registry.npmjs.org/keyv/-/keyv-4.5.4.tgz 0ms (cache hit)
64 http cache json-buffer@https://registry.npmjs.org/json-buffer/-/json-buffer-3.0.1.tgz 0ms (cache hit)
65 http cache js-yaml@https://registry.npmjs.org/js-yaml/-/js-yaml-4.1.0.tgz 0ms (cache hit)
66 http cache is-path-inside@https://registry.npmjs.org/is-path-inside/-/is-path-inside-3.0.3.tgz 0ms (cache hit)
67 http cache is-number@https://registry.npmjs.org/is-number/-/is-number-7.0.0.tgz 0ms (cache hit)
68 http cache isexe@https://registry.npmjs.org/isexe/-/isexe-2.0.0.tgz 0ms (cache hit)
69 http cache lodash.merge@https://registry.npmjs.org/lodash.merge/-/lodash.merge-4.6.2.tgz 0ms (cache hit)
70 http cache is-glob@https://registry.npmjs.org/is-glob/-/is-glob-4.0.3.tgz 0ms (cache hit)
71 http cache inherits@https://registry.npmjs.org/inherits/-/inherits-2.0.4.tgz 0ms (cache hit)
72 http cache imurmurhash@https://registry.npmjs.org/imurmurhash/-/imurmurhash-0.1.4.tgz 0ms (cache hit)
73 http cache import-fresh@https://registry.npmjs.org/import-fresh/-/import-fresh-3.3.0.tgz 0ms (cache hit)
74 http cache is-extglob@https://registry.npmjs.org/is-extglob/-/is-extglob-2.1.1.tgz 0ms (cache hit)
75 http cache ignore@https://registry.npmjs.org/ignore/-/ignore-5.3.0.tgz 0ms (cache hit)
76 http cache inflight@https://registry.npmjs.org/inflight/-/inflight-1.0.6.tgz 0ms (cache hit)
77 http cache has-flag@https://registry.npmjs.org/has-flag/-/has-flag-4.0.0.tgz 0ms (cache hit)
78 http cache graphemer@https://registry.npmjs.org/graphemer/-/graphemer-1.4.0.tgz 0ms (cache hit)
79 http cache globals@https://registry.npmjs.org/globals/-/globals-13.24.0.tgz 0ms (cache hit)
80 http cache glob@https://registry.npmjs.org/glob/-/glob-7.2.3.tgz 0ms (cache hit)
81 http cache globby@https://registry.npmjs.org/globby/-/globby-11.1.0.tgz 0ms (cache hit)
82 http cache fs.realpath@https://registry.npmjs.org/fs.realpath/-/fs.realpath-1.0.0.tgz 0ms (cache hit)
83 http cache glob-parent@https://registry.npmjs.org/glob-parent/-/glob-parent-6.0.2.tgz 0ms (cache hit)
84 http cache flatted@https://registry.npmjs.org/flatted/-/flatted-3.2.9.tgz 0ms (cache hit)
85 http cache fill-range@https://registry.npmjs.org/fill-range/-/fill-range-7.0.1.tgz 0ms (cache hit)
86 http cache find-up@https://registry.npmjs.org/find-up/-/find-up-5.0.0.tgz 0ms (cache hit)
87 http cache file-entry-cache@https://registry.npmjs.org/file-entry-cache/-/file-entry-cache-6.0.1.tgz 0ms (cache hit)
88 http cache fast-json-stable-stringify@https://registry.npmjs.org/fast-json-stable-stringify/-/fast-json-stable-stringify-2.1.0.tgz 0ms (cache hit)
89 http cache fast-levenshtein@https://registry.npmjs.org/fast-levenshtein/-/fast-levenshtein-2.0.6.tgz 0ms (cache hit)
90 http cache flat-cache@https://registry.npmjs.org/flat-cache/-/flat-cache-3.2.0.tgz 0ms (cache hit)
91 http cache fastq@https://registry.npmjs.org/fastq/-/fastq-1.16.0.tgz 0ms (cache hit)
92 http cache fast-deep-equal@https://registry.npmjs.org/fast-deep-equal/-/fast-deep-equal-3.1.3.tgz 0ms (cache hit)
93 http cache fast-glob@https://registry.npmjs.org/fast-glob/-/fast-glob-3.3.2.tgz 0ms (cache hit)
94 http cache esrecurse@https://registry.npmjs.org/esrecurse/-/esrecurse-4.3.0.tgz 0ms (cache hit)
95 http cache esquery@https://registry.npmjs.org/esquery/-/esquery-1.5.0.tgz 0ms (cache hit)
96 http cache esutils@https://registry.npmjs.org/esutils/-/esutils-2.0.3.tgz 0ms (cache hit)
97 http cache eslint-scope@https://registry.npmjs.org/eslint-scope/-/eslint-scope-5.1.1.tgz 0ms (cache hit)
98 http cache eslint-visitor-keys@https://registry.npmjs.org/eslint-visitor-keys/-/eslint-visitor-keys-3.4.3.tgz 0ms (cache hit)
99 http cache doctrine@https://registry.npmjs.org/doctrine/-/doctrine-3.0.0.tgz 0ms (cache hit)
100 http cache eslint@https://registry.npmjs.org/eslint/-/eslint-8.56.0.tgz 0ms (cache hit)
101 http cache escape-string-regexp@https://registry.npmjs.org/escape-string-regexp/-/escape-string-regexp-4.0.0.tgz 0ms (cache hit)
102 http cache espree@https://registry.npmjs.org/espree/-/espree-9.6.1.tgz 0ms (cache hit)
103 http cache deep-is@https://registry.npmjs.org/deep-is/-/deep-is-0.1.4.tgz 0ms (cache hit)
104 http cache dir-glob@https://registry.npmjs.org/dir-glob/-/dir-glob-3.0.1.tgz 0ms (cache hit)
105 http cache cross-spawn@https://registry.npmjs.org/cross-spawn/-/cross-spawn-7.0.3.tgz 0ms (cache hit)
106 http cache debug@https://registry.npmjs.org/debug/-/debug-4.3.4.tgz 0ms (cache hit)
107 http cache color-name@https://registry.npmjs.org/color-name/-/color-name-1.1.4.tgz 0ms (cache hit)
108 http cache color-convert@https://registry.npmjs.org/color-convert/-/color-convert-2.0.1.tgz 0ms (cache hit)
109 http cache chalk@https://registry.npmjs.org/chalk/-/chalk-4.1.2.tgz 0ms (cache hit)
110 http cache concat-map@https://registry.npmjs.org/concat-map/-/concat-map-0.0.1.tgz 0ms (cache hit)
111 http cache callsites@https://registry.npmjs.org/callsites/-/callsites-3.1.0.tgz 0ms (cache hit)
112 http cache braces@https://registry.npmjs.org/braces/-/braces-3.0.2.tgz 0ms (cache hit)
113 http cache brace-expansion@https://registry.npmjs.org/brace-expansion/-/brace-expansion-1.1.11.tgz 0ms (cache hit)
114 http cache estraverse@https://registry.npmjs.org/estraverse/-/estraverse-4.3.0.tgz 0ms (cache hit)
115 http cache array-union@https://registry.npmjs.org/array-union/-/array-union-2.1.0.tgz 0ms (cache hit)
116 http cache balanced-match@https://registry.npmjs.org/balanced-match/-/balanced-match-1.0.2.tgz 0ms (cache hit)
117 http cache argparse@https://registry.npmjs.org/argparse/-/argparse-2.0.1.tgz 0ms (cache hit)
118 http cache ajv@https://registry.npmjs.org/ajv/-/ajv-6.12.6.tgz 0ms (cache hit)
119 http cache acorn-jsx@https://registry.npmjs.org/acorn-jsx/-/acorn-jsx-5.3.2.tgz 0ms (cache hit)
120 http cache acorn@https://registry.npmjs.org/acorn/-/acorn-8.11.3.tgz 0ms (cache hit)
121 http cache ansi-styles@https://registry.npmjs.org/ansi-styles/-/ansi-styles-4.3.0.tgz 0ms (cache hit)
122 http cache ansi-regex@https://registry.npmjs.org/ansi-regex/-/ansi-regex-5.0.1.tgz 0ms (cache hit)
123 http cache @ungap/structured-clone@https://registry.npmjs.org/@ungap/structured-clone/-/structured-clone-1.2.0.tgz 0ms (cache hit)
124 http cache @typescript-eslint/visitor-keys@https://registry.npmjs.org/@typescript-eslint/visitor-keys/-/visitor-keys-5.62.0.tgz 0ms (cache hit)
125 http cache @typescript-eslint/typescript-estree@https://registry.npmjs.org/@typescript-eslint/typescript-estree/-/typescript-estree-5.62.0.tgz 0ms (cache hit)
126 http cache @typescript-eslint/types@https://registry.npmjs.org/@typescript-eslint/types/-/types-5.62.0.tgz 0ms (cache hit)
127 http cache @typescript-eslint/utils@https://registry.npmjs.org/@typescript-eslint/utils/-/utils-5.62.0.tgz 0ms (cache hit)
128 http cache @typescript-eslint/scope-manager@https://registry.npmjs.org/@typescript-eslint/scope-manager/-/scope-manager-5.62.0.tgz 0ms (cache hit)
129 http cache @typescript-eslint/parser@https://registry.npmjs.org/@typescript-eslint/parser/-/parser-5.62.0.tgz 0ms (cache hit)
130 http cache @typescript-eslint/type-utils@https://registry.npmjs.org/@typescript-eslint/type-utils/-/type-utils-5.62.0.tgz 0ms (cache hit)
131 http cache @typescript-eslint/eslint-plugin@https://registry.npmjs.org/@typescript-eslint/eslint-plugin/-/eslint-plugin-5.62.0.tgz 0ms (cache hit)
132 http cache @types/json-schema@https://registry.npmjs.org/@types/json-schema/-/json-schema-7.0.15.tgz 0ms (cache hit)
133 http cache @types/semver@https://registry.npmjs.org/@types/semver/-/semver-7.5.6.tgz 0ms (cache hit)
134 http cache @nodelib/fs.scandir@https://registry.npmjs.org/@nodelib/fs.scandir/-/fs.scandir-2.1.5.tgz 0ms (cache hit)
135 http cache @nodelib/fs.walk@https://registry.npmjs.org/@nodelib/fs.walk/-/fs.walk-1.2.8.tgz 0ms (cache hit)
136 http cache @humanwhocodes/module-importer@https://registry.npmjs.org/@humanwhocodes/module-importer/-/module-importer-1.0.1.tgz 0ms (cache hit)
137 http cache @nodelib/fs.stat@https://registry.npmjs.org/@nodelib/fs.stat/-/fs.stat-2.0.5.tgz 0ms (cache hit)
138 http cache @humanwhocodes/object-schema@https://registry.npmjs.org/@humanwhocodes/object-schema/-/object-schema-2.0.2.tgz 0ms (cache hit)
139 http cache @girs/xlib-2.0@https://registry.npmjs.org/@girs/xlib-2.0/-/xlib-2.0-2.0.0-3.2.7.tgz 0ms (cache hit)
140 http cache @girs/pango-1.0@https://registry.npmjs.org/@girs/pango-1.0/-/pango-1.0-1.51.0-3.2.7.tgz 1ms (cache hit)
141 http cache @humanwhocodes/config-array@https://registry.npmjs.org/@humanwhocodes/config-array/-/config-array-0.11.14.tgz 0ms (cache hit)
142 http cache @girs/notify-0.7@https://registry.npmjs.org/@girs/notify-0.7/-/notify-0.7-0.8.3-3.2.7.tgz 0ms (cache hit)
143 http cache @girs/nm-1.0@https://registry.npmjs.org/@girs/nm-1.0/-/nm-1.0-1.43.1-3.1.0.tgz 0ms (cache hit)
144 http cache @girs/soup-3.0@https://registry.npmjs.org/@girs/soup-3.0/-/soup-3.0-3.4.4-3.2.7.tgz 0ms (cache hit)
145 http cache @girs/gvc-1.0@https://registry.npmjs.org/@girs/gvc-1.0/-/gvc-1.0-1.0.0-3.2.7.tgz 0ms (cache hit)
146 http cache @girs/gobject-2.0@https://registry.npmjs.org/@girs/gobject-2.0/-/gobject-2.0-2.78.0-3.2.7.tgz 0ms (cache hit)
147 http cache @girs/gmodule-2.0@https://registry.npmjs.org/@girs/gmodule-2.0/-/gmodule-2.0-2.0.0-3.2.7.tgz 0ms (cache hit)
148 http cache @girs/harfbuzz-0.0@https://registry.npmjs.org/@girs/harfbuzz-0.0/-/harfbuzz-0.0-8.2.1-3.2.7.tgz 0ms (cache hit)
149 http cache @girs/glib-2.0@https://registry.npmjs.org/@girs/glib-2.0/-/glib-2.0-2.78.0-3.2.7.tgz 0ms (cache hit)
150 http cache @girs/gjs@https://registry.npmjs.org/@girs/gjs/-/gjs-3.2.7.tgz 0ms (cache hit)
151 http cache @girs/gtk-3.0@https://registry.npmjs.org/@girs/gtk-3.0/-/gtk-3.0-3.24.39-3.2.2.tgz 0ms (cache hit)
152 http cache @girs/gdkpixbuf-2.0@https://registry.npmjs.org/@girs/gdkpixbuf-2.0/-/gdkpixbuf-2.0-2.0.0-3.2.7.tgz 0ms (cache hit)
153 http cache @girs/gdk-3.0@https://registry.npmjs.org/@girs/gdk-3.0/-/gdk-3.0-3.24.38-3.2.7.tgz 0ms (cache hit)
154 http cache @girs/gio-2.0@https://registry.npmjs.org/@girs/gio-2.0/-/gio-2.0-2.78.0-3.2.7.tgz 0ms (cache hit)
155 http cache @girs/dbusmenugtk3-0.4@https://registry.npmjs.org/@girs/dbusmenugtk3-0.4/-/dbusmenugtk3-0.4-0.4.0-3.2.7.tgz 0ms (cache hit)
156 http cache @girs/dbusmenu-0.4@https://registry.npmjs.org/@girs/dbusmenu-0.4/-/dbusmenu-0.4-0.4.0-3.2.7.tgz 0ms (cache hit)
157 http cache @girs/freetype2-2.0@https://registry.npmjs.org/@girs/freetype2-2.0/-/freetype2-2.0-2.0.0-3.2.7.tgz 0ms (cache hit)
158 http cache @girs/atk-1.0@https://registry.npmjs.org/@girs/atk-1.0/-/atk-1.0-2.50.0-3.2.7.tgz 0ms (cache hit)
159 http cache @eslint/js@https://registry.npmjs.org/@eslint/js/-/js-8.56.0.tgz 0ms (cache hit)
160 http cache @girs/cairo-1.0@https://registry.npmjs.org/@girs/cairo-1.0/-/cairo-1.0-1.0.0-3.2.7.tgz 0ms (cache hit)
161 http cache @eslint-community/regexpp@https://registry.npmjs.org/@eslint-community/regexpp/-/regexpp-4.10.0.tgz 0ms (cache hit)
162 http cache @eslint-community/eslint-utils@https://registry.npmjs.org/@eslint-community/eslint-utils/-/eslint-utils-4.4.0.tgz 0ms (cache hit)
163 http cache @eslint/eslintrc@https://registry.npmjs.org/@eslint/eslintrc/-/eslintrc-2.1.4.tgz 0ms (cache hit)
164 http cache glob-parent@https://registry.npmjs.org/glob-parent/-/glob-parent-5.1.2.tgz 0ms (cache hit)
165 http cache estraverse@https://registry.npmjs.org/estraverse/-/estraverse-5.3.0.tgz 0ms (cache hit)
166 http cache @aashutoshrathi/word-wrap@https://registry.npmjs.org/@aashutoshrathi/word-wrap/-/word-wrap-1.2.6.tgz 0ms (cache hit)
167 http cache estraverse@https://registry.npmjs.org/estraverse/-/estraverse-5.3.0.tgz 0ms (cache hit)
168 http cache eslint-scope@https://registry.npmjs.org/eslint-scope/-/eslint-scope-7.2.2.tgz 0ms (cache hit)
169 http cache estraverse@https://registry.npmjs.org/estraverse/-/estraverse-5.3.0.tgz 0ms (cache hit)
170 http cache @girs/glib-2.0@https://registry.npmjs.org/@girs/glib-2.0/-/glib-2.0-2.76.1-3.2.3.tgz 0ms (cache hit)
171 http cache @girs/gio-2.0@https://registry.npmjs.org/@girs/gio-2.0/-/gio-2.0-2.76.1-3.2.3.tgz 0ms (cache hit)
172 http cache @girs/gobject-2.0@https://registry.npmjs.org/@girs/gobject-2.0/-/gobject-2.0-2.76.1-3.2.3.tgz 0ms (cache hit)
173 http cache @girs/gobject-2.0@https://registry.npmjs.org/@girs/gobject-2.0/-/gobject-2.0-2.76.1-3.2.3.tgz 0ms (cache hit)
174 http cache @girs/glib-2.0@https://registry.npmjs.org/@girs/glib-2.0/-/glib-2.0-2.76.1-3.2.3.tgz 0ms (cache hit)
175 http cache @girs/harfbuzz-0.0@https://registry.npmjs.org/@girs/harfbuzz-0.0/-/harfbuzz-0.0-7.1.0-3.2.3.tgz 0ms (cache hit)
176 http cache @girs/gobject-2.0@https://registry.npmjs.org/@girs/gobject-2.0/-/gobject-2.0-2.77.0-3.2.2.tgz 0ms (cache hit)
177 http cache @girs/gio-2.0@https://registry.npmjs.org/@girs/gio-2.0/-/gio-2.0-2.77.0-3.2.2.tgz 0ms (cache hit)
178 http cache @girs/glib-2.0@https://registry.npmjs.org/@girs/glib-2.0/-/glib-2.0-2.77.0-3.2.2.tgz 0ms (cache hit)
179 http cache @girs/atk-1.0@https://registry.npmjs.org/@girs/atk-1.0/-/atk-1.0-2.45.1-3.2.2.tgz 0ms (cache hit)
180 http cache @girs/gtk-3.0@https://registry.npmjs.org/@girs/gtk-3.0/-/gtk-3.0-3.24.38-3.2.7.tgz 0ms (cache hit)
181 http cache @girs/gdk-3.0@https://registry.npmjs.org/@girs/gdk-3.0/-/gdk-3.0-3.24.39-3.2.2.tgz 1ms (cache hit)
182 silly tarball no local data for yocto-queue@https://registry.npmjs.org/yocto-queue/-/yocto-queue-0.1.0.tgz. Extracting by manifest.
183 silly tarball no local data for uri-js@https://registry.npmjs.org/uri-js/-/uri-js-4.4.1.tgz. Extracting by manifest.
184 silly tarball no local data for typescript@https://registry.npmjs.org/typescript/-/typescript-5.3.3.tgz. Extracting by manifest.
185 silly tarball no local data for type-fest@https://registry.npmjs.org/type-fest/-/type-fest-0.20.2.tgz. Extracting by manifest.
186 silly tarball no local data for yallist@https://registry.npmjs.org/yallist/-/yallist-4.0.0.tgz. Extracting by manifest.
187 silly tarball no local data for wrappy@https://registry.npmjs.org/wrappy/-/wrappy-1.0.2.tgz. Extracting by manifest.
188 silly tarball no local data for type-check@https://registry.npmjs.org/type-check/-/type-check-0.4.0.tgz. Extracting by manifest.
189 silly tarball no local data for which@https://registry.npmjs.org/which/-/which-2.0.2.tgz. Extracting by manifest.
190 silly tarball no local data for tsutils@https://registry.npmjs.org/tsutils/-/tsutils-3.21.0.tgz. Extracting by manifest.
191 silly tarball no local data for to-regex-range@https://registry.npmjs.org/to-regex-range/-/to-regex-range-5.0.1.tgz. Extracting by manifest.
192 silly tarball no local data for supports-color@https://registry.npmjs.org/supports-color/-/supports-color-7.2.0.tgz. Extracting by manifest.
193 silly tarball no local data for strip-json-comments@https://registry.npmjs.org/strip-json-comments/-/strip-json-comments-3.1.1.tgz. Extracting by manifest.
194 silly tarball no local data for tslib@https://registry.npmjs.org/tslib/-/tslib-1.14.1.tgz. Extracting by manifest.
195 silly tarball no local data for text-table@https://registry.npmjs.org/text-table/-/text-table-0.2.0.tgz. Extracting by manifest.
196 silly tarball no local data for strip-ansi@https://registry.npmjs.org/strip-ansi/-/strip-ansi-6.0.1.tgz. Extracting by manifest.
197 silly tarball no local data for slash@https://registry.npmjs.org/slash/-/slash-3.0.0.tgz. Extracting by manifest.
198 silly tarball no local data for semver@https://registry.npmjs.org/semver/-/semver-7.5.4.tgz. Extracting by manifest.
199 silly tarball no local data for run-parallel@https://registry.npmjs.org/run-parallel/-/run-parallel-1.2.0.tgz. Extracting by manifest.
200 silly tarball no local data for rimraf@https://registry.npmjs.org/rimraf/-/rimraf-3.0.2.tgz. Extracting by manifest.
201 silly tarball no local data for shebang-command@https://registry.npmjs.org/shebang-command/-/shebang-command-2.0.0.tgz. Extracting by manifest.
202 silly tarball no local data for reusify@https://registry.npmjs.org/reusify/-/reusify-1.0.4.tgz. Extracting by manifest.
203 silly tarball no local data for resolve-from@https://registry.npmjs.org/resolve-from/-/resolve-from-4.0.0.tgz. Extracting by manifest.
204 silly tarball no local data for queue-microtask@https://registry.npmjs.org/queue-microtask/-/queue-microtask-1.2.3.tgz. Extracting by manifest.
205 silly tarball no local data for prelude-ls@https://registry.npmjs.org/prelude-ls/-/prelude-ls-1.2.1.tgz. Extracting by manifest.
206 silly tarball no local data for picomatch@https://registry.npmjs.org/picomatch/-/picomatch-2.3.1.tgz. Extracting by manifest.
207 silly tarball no local data for path-type@https://registry.npmjs.org/path-type/-/path-type-4.0.0.tgz. Extracting by manifest.
208 silly tarball no local data for punycode@https://registry.npmjs.org/punycode/-/punycode-2.3.1.tgz. Extracting by manifest.
209 silly tarball no local data for path-key@https://registry.npmjs.org/path-key/-/path-key-3.1.1.tgz. Extracting by manifest.
210 silly tarball no local data for path-is-absolute@https://registry.npmjs.org/path-is-absolute/-/path-is-absolute-1.0.1.tgz. Extracting by manifest.
211 silly tarball no local data for shebang-regex@https://registry.npmjs.org/shebang-regex/-/shebang-regex-3.0.0.tgz. Extracting by manifest.
212 silly tarball no local data for parent-module@https://registry.npmjs.org/parent-module/-/parent-module-1.0.1.tgz. Extracting by manifest.
213 silly tarball no local data for p-locate@https://registry.npmjs.org/p-locate/-/p-locate-5.0.0.tgz. Extracting by manifest.
214 silly tarball no local data for path-exists@https://registry.npmjs.org/path-exists/-/path-exists-4.0.0.tgz. Extracting by manifest.
215 silly tarball no local data for optionator@https://registry.npmjs.org/optionator/-/optionator-0.9.3.tgz. Extracting by manifest.
216 silly tarball no local data for once@https://registry.npmjs.org/once/-/once-1.4.0.tgz. Extracting by manifest.
217 silly tarball no local data for natural-compare@https://registry.npmjs.org/natural-compare/-/natural-compare-1.4.0.tgz. Extracting by manifest.
218 silly tarball no local data for p-limit@https://registry.npmjs.org/p-limit/-/p-limit-3.1.0.tgz. Extracting by manifest.
219 silly tarball no local data for ms@https://registry.npmjs.org/ms/-/ms-2.1.2.tgz. Extracting by manifest.
220 silly tarball no local data for natural-compare-lite@https://registry.npmjs.org/natural-compare-lite/-/natural-compare-lite-1.4.0.tgz. Extracting by manifest.
221 silly tarball no local data for minimatch@https://registry.npmjs.org/minimatch/-/minimatch-3.1.2.tgz. Extracting by manifest.
222 silly tarball no local data for merge2@https://registry.npmjs.org/merge2/-/merge2-1.4.1.tgz. Extracting by manifest.
223 silly tarball no local data for lru-cache@https://registry.npmjs.org/lru-cache/-/lru-cache-6.0.0.tgz. Extracting by manifest.
224 silly tarball no local data for micromatch@https://registry.npmjs.org/micromatch/-/micromatch-4.0.5.tgz. Extracting by manifest.
225 silly tarball no local data for locate-path@https://registry.npmjs.org/locate-path/-/locate-path-6.0.0.tgz. Extracting by manifest.
226 silly tarball no local data for levn@https://registry.npmjs.org/levn/-/levn-0.4.1.tgz. Extracting by manifest.
227 silly tarball no local data for json-stable-stringify-without-jsonify@https://registry.npmjs.org/json-stable-stringify-without-jsonify/-/json-stable-stringify-without-jsonify-1.0.1.tgz. Extracting by manifest.
228 silly tarball no local data for json-schema-traverse@https://registry.npmjs.org/json-schema-traverse/-/json-schema-traverse-0.4.1.tgz. Extracting by manifest.
229 silly tarball no local data for keyv@https://registry.npmjs.org/keyv/-/keyv-4.5.4.tgz. Extracting by manifest.
230 silly tarball no local data for json-buffer@https://registry.npmjs.org/json-buffer/-/json-buffer-3.0.1.tgz. Extracting by manifest.
231 silly tarball no local data for js-yaml@https://registry.npmjs.org/js-yaml/-/js-yaml-4.1.0.tgz. Extracting by manifest.
232 silly tarball no local data for is-path-inside@https://registry.npmjs.org/is-path-inside/-/is-path-inside-3.0.3.tgz. Extracting by manifest.
233 silly tarball no local data for is-number@https://registry.npmjs.org/is-number/-/is-number-7.0.0.tgz. Extracting by manifest.
234 silly tarball no local data for isexe@https://registry.npmjs.org/isexe/-/isexe-2.0.0.tgz. Extracting by manifest.
235 silly tarball no local data for lodash.merge@https://registry.npmjs.org/lodash.merge/-/lodash.merge-4.6.2.tgz. Extracting by manifest.
236 silly tarball no local data for is-glob@https://registry.npmjs.org/is-glob/-/is-glob-4.0.3.tgz. Extracting by manifest.
237 silly tarball no local data for inherits@https://registry.npmjs.org/inherits/-/inherits-2.0.4.tgz. Extracting by manifest.
238 silly tarball no local data for imurmurhash@https://registry.npmjs.org/imurmurhash/-/imurmurhash-0.1.4.tgz. Extracting by manifest.
239 silly tarball no local data for import-fresh@https://registry.npmjs.org/import-fresh/-/import-fresh-3.3.0.tgz. Extracting by manifest.
240 silly tarball no local data for is-extglob@https://registry.npmjs.org/is-extglob/-/is-extglob-2.1.1.tgz. Extracting by manifest.
241 silly tarball no local data for ignore@https://registry.npmjs.org/ignore/-/ignore-5.3.0.tgz. Extracting by manifest.
242 silly tarball no local data for inflight@https://registry.npmjs.org/inflight/-/inflight-1.0.6.tgz. Extracting by manifest.
243 silly tarball no local data for has-flag@https://registry.npmjs.org/has-flag/-/has-flag-4.0.0.tgz. Extracting by manifest.
244 silly tarball no local data for graphemer@https://registry.npmjs.org/graphemer/-/graphemer-1.4.0.tgz. Extracting by manifest.
245 silly tarball no local data for globals@https://registry.npmjs.org/globals/-/globals-13.24.0.tgz. Extracting by manifest.
246 silly tarball no local data for glob@https://registry.npmjs.org/glob/-/glob-7.2.3.tgz. Extracting by manifest.
247 silly tarball no local data for globby@https://registry.npmjs.org/globby/-/globby-11.1.0.tgz. Extracting by manifest.
248 silly tarball no local data for fs.realpath@https://registry.npmjs.org/fs.realpath/-/fs.realpath-1.0.0.tgz. Extracting by manifest.
249 silly tarball no local data for glob-parent@https://registry.npmjs.org/glob-parent/-/glob-parent-6.0.2.tgz. Extracting by manifest.
250 silly tarball no local data for flatted@https://registry.npmjs.org/flatted/-/flatted-3.2.9.tgz. Extracting by manifest.
251 silly tarball no local data for fill-range@https://registry.npmjs.org/fill-range/-/fill-range-7.0.1.tgz. Extracting by manifest.
252 silly tarball no local data for find-up@https://registry.npmjs.org/find-up/-/find-up-5.0.0.tgz. Extracting by manifest.
253 silly tarball no local data for file-entry-cache@https://registry.npmjs.org/file-entry-cache/-/file-entry-cache-6.0.1.tgz. Extracting by manifest.
254 silly tarball no local data for fast-json-stable-stringify@https://registry.npmjs.org/fast-json-stable-stringify/-/fast-json-stable-stringify-2.1.0.tgz. Extracting by manifest.
255 silly tarball no local data for fast-levenshtein@https://registry.npmjs.org/fast-levenshtein/-/fast-levenshtein-2.0.6.tgz. Extracting by manifest.
256 silly tarball no local data for flat-cache@https://registry.npmjs.org/flat-cache/-/flat-cache-3.2.0.tgz. Extracting by manifest.
257 silly tarball no local data for fastq@https://registry.npmjs.org/fastq/-/fastq-1.16.0.tgz. Extracting by manifest.
258 silly tarball no local data for fast-deep-equal@https://registry.npmjs.org/fast-deep-equal/-/fast-deep-equal-3.1.3.tgz. Extracting by manifest.
259 silly tarball no local data for fast-glob@https://registry.npmjs.org/fast-glob/-/fast-glob-3.3.2.tgz. Extracting by manifest.
260 silly tarball no local data for esrecurse@https://registry.npmjs.org/esrecurse/-/esrecurse-4.3.0.tgz. Extracting by manifest.
261 silly tarball no local data for esquery@https://registry.npmjs.org/esquery/-/esquery-1.5.0.tgz. Extracting by manifest.
262 silly tarball no local data for esutils@https://registry.npmjs.org/esutils/-/esutils-2.0.3.tgz. Extracting by manifest.
263 silly tarball no local data for eslint-scope@https://registry.npmjs.org/eslint-scope/-/eslint-scope-5.1.1.tgz. Extracting by manifest.
264 silly tarball no local data for eslint-visitor-keys@https://registry.npmjs.org/eslint-visitor-keys/-/eslint-visitor-keys-3.4.3.tgz. Extracting by manifest.
265 silly tarball no local data for doctrine@https://registry.npmjs.org/doctrine/-/doctrine-3.0.0.tgz. Extracting by manifest.
266 silly tarball no local data for eslint@https://registry.npmjs.org/eslint/-/eslint-8.56.0.tgz. Extracting by manifest.
267 silly tarball no local data for escape-string-regexp@https://registry.npmjs.org/escape-string-regexp/-/escape-string-regexp-4.0.0.tgz. Extracting by manifest.
268 silly tarball no local data for espree@https://registry.npmjs.org/espree/-/espree-9.6.1.tgz. Extracting by manifest.
269 silly tarball no local data for deep-is@https://registry.npmjs.org/deep-is/-/deep-is-0.1.4.tgz. Extracting by manifest.
270 silly tarball no local data for dir-glob@https://registry.npmjs.org/dir-glob/-/dir-glob-3.0.1.tgz. Extracting by manifest.
271 silly tarball no local data for cross-spawn@https://registry.npmjs.org/cross-spawn/-/cross-spawn-7.0.3.tgz. Extracting by manifest.
272 silly tarball no local data for debug@https://registry.npmjs.org/debug/-/debug-4.3.4.tgz. Extracting by manifest.
273 silly tarball no local data for color-name@https://registry.npmjs.org/color-name/-/color-name-1.1.4.tgz. Extracting by manifest.
274 silly tarball no local data for color-convert@https://registry.npmjs.org/color-convert/-/color-convert-2.0.1.tgz. Extracting by manifest.
275 silly tarball no local data for chalk@https://registry.npmjs.org/chalk/-/chalk-4.1.2.tgz. Extracting by manifest.
276 silly tarball no local data for concat-map@https://registry.npmjs.org/concat-map/-/concat-map-0.0.1.tgz. Extracting by manifest.
277 silly tarball no local data for callsites@https://registry.npmjs.org/callsites/-/callsites-3.1.0.tgz. Extracting by manifest.
278 silly tarball no local data for braces@https://registry.npmjs.org/braces/-/braces-3.0.2.tgz. Extracting by manifest.
279 silly tarball no local data for brace-expansion@https://registry.npmjs.org/brace-expansion/-/brace-expansion-1.1.11.tgz. Extracting by manifest.
280 silly tarball no local data for estraverse@https://registry.npmjs.org/estraverse/-/estraverse-4.3.0.tgz. Extracting by manifest.
281 silly tarball no local data for array-union@https://registry.npmjs.org/array-union/-/array-union-2.1.0.tgz. Extracting by manifest.
282 silly tarball no local data for balanced-match@https://registry.npmjs.org/balanced-match/-/balanced-match-1.0.2.tgz. Extracting by manifest.
283 silly tarball no local data for argparse@https://registry.npmjs.org/argparse/-/argparse-2.0.1.tgz. Extracting by manifest.
284 silly tarball no local data for ajv@https://registry.npmjs.org/ajv/-/ajv-6.12.6.tgz. Extracting by manifest.
285 silly tarball no local data for acorn-jsx@https://registry.npmjs.org/acorn-jsx/-/acorn-jsx-5.3.2.tgz. Extracting by manifest.
286 silly tarball no local data for acorn@https://registry.npmjs.org/acorn/-/acorn-8.11.3.tgz. Extracting by manifest.
287 silly tarball no local data for ansi-styles@https://registry.npmjs.org/ansi-styles/-/ansi-styles-4.3.0.tgz. Extracting by manifest.
288 silly tarball no local data for ansi-regex@https://registry.npmjs.org/ansi-regex/-/ansi-regex-5.0.1.tgz. Extracting by manifest.
289 silly tarball no local data for @ungap/structured-clone@https://registry.npmjs.org/@ungap/structured-clone/-/structured-clone-1.2.0.tgz. Extracting by manifest.
290 silly tarball no local data for @typescript-eslint/visitor-keys@https://registry.npmjs.org/@typescript-eslint/visitor-keys/-/visitor-keys-5.62.0.tgz. Extracting by manifest.
291 silly tarball no local data for @typescript-eslint/typescript-estree@https://registry.npmjs.org/@typescript-eslint/typescript-estree/-/typescript-estree-5.62.0.tgz. Extracting by manifest.
292 silly tarball no local data for @typescript-eslint/types@https://registry.npmjs.org/@typescript-eslint/types/-/types-5.62.0.tgz. Extracting by manifest.
293 silly tarball no local data for @typescript-eslint/utils@https://registry.npmjs.org/@typescript-eslint/utils/-/utils-5.62.0.tgz. Extracting by manifest.
294 silly tarball no local data for @typescript-eslint/scope-manager@https://registry.npmjs.org/@typescript-eslint/scope-manager/-/scope-manager-5.62.0.tgz. Extracting by manifest.
295 silly tarball no local data for @typescript-eslint/parser@https://registry.npmjs.org/@typescript-eslint/parser/-/parser-5.62.0.tgz. Extracting by manifest.
296 silly tarball no local data for @typescript-eslint/type-utils@https://registry.npmjs.org/@typescript-eslint/type-utils/-/type-utils-5.62.0.tgz. Extracting by manifest.
297 silly tarball no local data for @typescript-eslint/eslint-plugin@https://registry.npmjs.org/@typescript-eslint/eslint-plugin/-/eslint-plugin-5.62.0.tgz. Extracting by manifest.
298 silly tarball no local data for @types/json-schema@https://registry.npmjs.org/@types/json-schema/-/json-schema-7.0.15.tgz. Extracting by manifest.
299 silly tarball no local data for @types/semver@https://registry.npmjs.org/@types/semver/-/semver-7.5.6.tgz. Extracting by manifest.
300 silly tarball no local data for @nodelib/fs.scandir@https://registry.npmjs.org/@nodelib/fs.scandir/-/fs.scandir-2.1.5.tgz. Extracting by manifest.
301 silly tarball no local data for @nodelib/fs.walk@https://registry.npmjs.org/@nodelib/fs.walk/-/fs.walk-1.2.8.tgz. Extracting by manifest.
302 silly tarball no local data for @humanwhocodes/module-importer@https://registry.npmjs.org/@humanwhocodes/module-importer/-/module-importer-1.0.1.tgz. Extracting by manifest.
303 silly tarball no local data for @nodelib/fs.stat@https://registry.npmjs.org/@nodelib/fs.stat/-/fs.stat-2.0.5.tgz. Extracting by manifest.
304 silly tarball no local data for @humanwhocodes/object-schema@https://registry.npmjs.org/@humanwhocodes/object-schema/-/object-schema-2.0.2.tgz. Extracting by manifest.
305 silly tarball no local data for @girs/xlib-2.0@https://registry.npmjs.org/@girs/xlib-2.0/-/xlib-2.0-2.0.0-3.2.7.tgz. Extracting by manifest.
306 silly tarball no local data for @girs/pango-1.0@https://registry.npmjs.org/@girs/pango-1.0/-/pango-1.0-1.51.0-3.2.7.tgz. Extracting by manifest.
307 silly tarball no local data for @humanwhocodes/config-array@https://registry.npmjs.org/@humanwhocodes/config-array/-/config-array-0.11.14.tgz. Extracting by manifest.
308 silly tarball no local data for @girs/notify-0.7@https://registry.npmjs.org/@girs/notify-0.7/-/notify-0.7-0.8.3-3.2.7.tgz. Extracting by manifest.
309 silly tarball no local data for @girs/nm-1.0@https://registry.npmjs.org/@girs/nm-1.0/-/nm-1.0-1.43.1-3.1.0.tgz. Extracting by manifest.
310 silly tarball no local data for @girs/soup-3.0@https://registry.npmjs.org/@girs/soup-3.0/-/soup-3.0-3.4.4-3.2.7.tgz. Extracting by manifest.
311 silly tarball no local data for @girs/gvc-1.0@https://registry.npmjs.org/@girs/gvc-1.0/-/gvc-1.0-1.0.0-3.2.7.tgz. Extracting by manifest.
312 silly tarball no local data for @girs/gobject-2.0@https://registry.npmjs.org/@girs/gobject-2.0/-/gobject-2.0-2.78.0-3.2.7.tgz. Extracting by manifest.
313 silly tarball no local data for @girs/gmodule-2.0@https://registry.npmjs.org/@girs/gmodule-2.0/-/gmodule-2.0-2.0.0-3.2.7.tgz. Extracting by manifest.
314 silly tarball no local data for @girs/harfbuzz-0.0@https://registry.npmjs.org/@girs/harfbuzz-0.0/-/harfbuzz-0.0-8.2.1-3.2.7.tgz. Extracting by manifest.
315 silly tarball no local data for @girs/glib-2.0@https://registry.npmjs.org/@girs/glib-2.0/-/glib-2.0-2.78.0-3.2.7.tgz. Extracting by manifest.
316 silly tarball no local data for @girs/gjs@https://registry.npmjs.org/@girs/gjs/-/gjs-3.2.7.tgz. Extracting by manifest.
317 silly tarball no local data for @girs/gtk-3.0@https://registry.npmjs.org/@girs/gtk-3.0/-/gtk-3.0-3.24.39-3.2.2.tgz. Extracting by manifest.
318 silly tarball no local data for @girs/gdkpixbuf-2.0@https://registry.npmjs.org/@girs/gdkpixbuf-2.0/-/gdkpixbuf-2.0-2.0.0-3.2.7.tgz. Extracting by manifest.
319 silly tarball no local data for @girs/gdk-3.0@https://registry.npmjs.org/@girs/gdk-3.0/-/gdk-3.0-3.24.38-3.2.7.tgz. Extracting by manifest.
320 silly tarball no local data for @girs/gio-2.0@https://registry.npmjs.org/@girs/gio-2.0/-/gio-2.0-2.78.0-3.2.7.tgz. Extracting by manifest.
321 silly tarball no local data for @girs/dbusmenugtk3-0.4@https://registry.npmjs.org/@girs/dbusmenugtk3-0.4/-/dbusmenugtk3-0.4-0.4.0-3.2.7.tgz. Extracting by manifest.
322 silly tarball no local data for @girs/dbusmenu-0.4@https://registry.npmjs.org/@girs/dbusmenu-0.4/-/dbusmenu-0.4-0.4.0-3.2.7.tgz. Extracting by manifest.
323 silly tarball no local data for @girs/freetype2-2.0@https://registry.npmjs.org/@girs/freetype2-2.0/-/freetype2-2.0-2.0.0-3.2.7.tgz. Extracting by manifest.
324 silly tarball no local data for @girs/atk-1.0@https://registry.npmjs.org/@girs/atk-1.0/-/atk-1.0-2.50.0-3.2.7.tgz. Extracting by manifest.
325 silly tarball no local data for @eslint/js@https://registry.npmjs.org/@eslint/js/-/js-8.56.0.tgz. Extracting by manifest.
326 silly tarball no local data for @girs/cairo-1.0@https://registry.npmjs.org/@girs/cairo-1.0/-/cairo-1.0-1.0.0-3.2.7.tgz. Extracting by manifest.
327 silly tarball no local data for @eslint-community/regexpp@https://registry.npmjs.org/@eslint-community/regexpp/-/regexpp-4.10.0.tgz. Extracting by manifest.
328 silly tarball no local data for @eslint-community/eslint-utils@https://registry.npmjs.org/@eslint-community/eslint-utils/-/eslint-utils-4.4.0.tgz. Extracting by manifest.
329 silly tarball no local data for @eslint/eslintrc@https://registry.npmjs.org/@eslint/eslintrc/-/eslintrc-2.1.4.tgz. Extracting by manifest.
330 silly tarball no local data for glob-parent@https://registry.npmjs.org/glob-parent/-/glob-parent-5.1.2.tgz. Extracting by manifest.
331 silly tarball no local data for estraverse@https://registry.npmjs.org/estraverse/-/estraverse-5.3.0.tgz. Extracting by manifest.
332 silly tarball no local data for @aashutoshrathi/word-wrap@https://registry.npmjs.org/@aashutoshrathi/word-wrap/-/word-wrap-1.2.6.tgz. Extracting by manifest.
333 silly tarball no local data for estraverse@https://registry.npmjs.org/estraverse/-/estraverse-5.3.0.tgz. Extracting by manifest.
334 silly tarball no local data for eslint-scope@https://registry.npmjs.org/eslint-scope/-/eslint-scope-7.2.2.tgz. Extracting by manifest.
335 silly tarball no local data for estraverse@https://registry.npmjs.org/estraverse/-/estraverse-5.3.0.tgz. Extracting by manifest.
336 silly tarball no local data for @girs/glib-2.0@https://registry.npmjs.org/@girs/glib-2.0/-/glib-2.0-2.76.1-3.2.3.tgz. Extracting by manifest.
337 silly tarball no local data for @girs/gio-2.0@https://registry.npmjs.org/@girs/gio-2.0/-/gio-2.0-2.76.1-3.2.3.tgz. Extracting by manifest.
338 silly tarball no local data for @girs/gobject-2.0@https://registry.npmjs.org/@girs/gobject-2.0/-/gobject-2.0-2.76.1-3.2.3.tgz. Extracting by manifest.
339 silly tarball no local data for @girs/gobject-2.0@https://registry.npmjs.org/@girs/gobject-2.0/-/gobject-2.0-2.76.1-3.2.3.tgz. Extracting by manifest.
340 silly tarball no local data for @girs/glib-2.0@https://registry.npmjs.org/@girs/glib-2.0/-/glib-2.0-2.76.1-3.2.3.tgz. Extracting by manifest.
341 silly tarball no local data for @girs/harfbuzz-0.0@https://registry.npmjs.org/@girs/harfbuzz-0.0/-/harfbuzz-0.0-7.1.0-3.2.3.tgz. Extracting by manifest.
342 silly tarball no local data for @girs/gobject-2.0@https://registry.npmjs.org/@girs/gobject-2.0/-/gobject-2.0-2.77.0-3.2.2.tgz. Extracting by manifest.
343 silly tarball no local data for @girs/gio-2.0@https://registry.npmjs.org/@girs/gio-2.0/-/gio-2.0-2.77.0-3.2.2.tgz. Extracting by manifest.
344 silly tarball no local data for @girs/glib-2.0@https://registry.npmjs.org/@girs/glib-2.0/-/glib-2.0-2.77.0-3.2.2.tgz. Extracting by manifest.
345 silly tarball no local data for @girs/atk-1.0@https://registry.npmjs.org/@girs/atk-1.0/-/atk-1.0-2.45.1-3.2.2.tgz. Extracting by manifest.
346 silly tarball no local data for @girs/gtk-3.0@https://registry.npmjs.org/@girs/gtk-3.0/-/gtk-3.0-3.24.38-3.2.7.tgz. Extracting by manifest.
347 silly tarball no local data for @girs/gdk-3.0@https://registry.npmjs.org/@girs/gdk-3.0/-/gdk-3.0-3.24.39-3.2.2.tgz. Extracting by manifest.
348 http fetch GET 200 https://registry.npmjs.org/npm 252ms
349 http fetch GET 200 https://registry.npmjs.org/text-table/-/text-table-0.2.0.tgz 212ms (cache miss)
350 http fetch GET 200 https://registry.npmjs.org/yallist/-/yallist-4.0.0.tgz 241ms (cache miss)
351 http fetch GET 200 https://registry.npmjs.org/strip-ansi/-/strip-ansi-6.0.1.tgz 241ms (cache miss)
352 http fetch GET 200 https://registry.npmjs.org/yocto-queue/-/yocto-queue-0.1.0.tgz 261ms (cache miss)
353 http fetch GET 200 https://registry.npmjs.org/supports-color/-/supports-color-7.2.0.tgz 258ms (cache miss)
354 http fetch GET 200 https://registry.npmjs.org/type-fest/-/type-fest-0.20.2.tgz 266ms (cache miss)
355 http fetch GET 200 https://registry.npmjs.org/strip-json-comments/-/strip-json-comments-3.1.1.tgz 262ms (cache miss)
356 http fetch GET 200 https://registry.npmjs.org/type-check/-/type-check-0.4.0.tgz 267ms (cache miss)
357 http fetch GET 200 https://registry.npmjs.org/tslib/-/tslib-1.14.1.tgz 269ms (cache miss)
358 http fetch GET 200 https://registry.npmjs.org/wrappy/-/wrappy-1.0.2.tgz 273ms (cache miss)
359 http fetch GET 200 https://registry.npmjs.org/which/-/which-2.0.2.tgz 273ms (cache miss)
360 http fetch POST 200 https://registry.npmjs.org/-/npm/v1/security/advisories/bulk 299ms
361 silly audit report {
361 silly audit report   braces: [
361 silly audit report     {
361 silly audit report       id: 1098094,
361 silly audit report       url: 'https://github.com/advisories/GHSA-grv7-fg5c-xmjg',
361 silly audit report       title: 'Uncontrolled resource consumption in braces',
361 silly audit report       severity: 'high',
361 silly audit report       vulnerable_versions: '<3.0.3',
361 silly audit report       cwe: [Array],
361 silly audit report       cvss: [Object]
361 silly audit report     }
361 silly audit report   ],
361 silly audit report   'cross-spawn': [
361 silly audit report     {
361 silly audit report       id: 1104664,
361 silly audit report       url: 'https://github.com/advisories/GHSA-3xgq-45jj-v275',
361 silly audit report       title: 'Regular Expression Denial of Service (ReDoS) in cross-spawn',
361 silly audit report       severity: 'high',
361 silly audit report       vulnerable_versions: '>=7.0.0 <7.0.5',
361 silly audit report       cwe: [Array],
361 silly audit report       cvss: [Object]
361 silly audit report     }
361 silly audit report   ],
361 silly audit report   micromatch: [
361 silly audit report     {
361 silly audit report       id: 1098681,
361 silly audit report       url: 'https://github.com/advisories/GHSA-952p-6rrq-rcjv',
361 silly audit report       title: 'Regular Expression Denial of Service (ReDoS) in micromatch',
361 silly audit report       severity: 'moderate',
361 silly audit report       vulnerable_versions: '<4.0.8',
361 silly audit report       cwe: [Array],
361 silly audit report       cvss: [Object]
361 silly audit report     }
361 silly audit report   ]
361 silly audit report }
362 silly packumentCache corgi:https://registry.npmjs.org/braces cache-miss
363 silly packumentCache corgi:https://registry.npmjs.org/cross-spawn cache-miss
364 silly packumentCache corgi:https://registry.npmjs.org/micromatch cache-miss
365 http fetch GET 200 https://registry.npmjs.org/semver/-/semver-7.5.4.tgz 278ms (cache miss)
366 http fetch GET 200 https://registry.npmjs.org/to-regex-range/-/to-regex-range-5.0.1.tgz 281ms (cache miss)
367 http fetch GET 200 https://registry.npmjs.org/punycode/-/punycode-2.3.1.tgz 310ms (cache miss)
368 http fetch GET 200 https://registry.npmjs.org/uri-js/-/uri-js-4.4.1.tgz 318ms (cache miss)
369 http fetch GET 200 https://registry.npmjs.org/tsutils/-/tsutils-3.21.0.tgz 314ms (cache miss)
370 http fetch GET 200 https://registry.npmjs.org/slash/-/slash-3.0.0.tgz 325ms (cache miss)
371 http fetch GET 200 https://registry.npmjs.org/resolve-from/-/resolve-from-4.0.0.tgz 324ms (cache miss)
372 http fetch GET 200 https://registry.npmjs.org/queue-microtask/-/queue-microtask-1.2.3.tgz 327ms (cache miss)
373 http fetch GET 200 https://registry.npmjs.org/reusify/-/reusify-1.0.4.tgz 340ms (cache miss)
374 http fetch GET 200 https://registry.npmjs.org/path-key/-/path-key-3.1.1.tgz 339ms (cache miss)
375 http fetch GET 200 https://registry.npmjs.org/shebang-command/-/shebang-command-2.0.0.tgz 342ms (cache miss)
376 http fetch GET 200 https://registry.npmjs.org/run-parallel/-/run-parallel-1.2.0.tgz 342ms (cache miss)
377 http fetch GET 200 https://registry.npmjs.org/path-type/-/path-type-4.0.0.tgz 341ms (cache miss)
378 http fetch GET 200 https://registry.npmjs.org/rimraf/-/rimraf-3.0.2.tgz 342ms (cache miss)
379 http fetch GET 200 https://registry.npmjs.org/shebang-regex/-/shebang-regex-3.0.0.tgz 340ms (cache miss)
380 http fetch GET 200 https://registry.npmjs.org/prelude-ls/-/prelude-ls-1.2.1.tgz 343ms (cache miss)
381 http fetch GET 200 https://registry.npmjs.org/parent-module/-/parent-module-1.0.1.tgz 342ms (cache miss)
382 http fetch GET 200 https://registry.npmjs.org/path-is-absolute/-/path-is-absolute-1.0.1.tgz 354ms (cache miss)
383 http fetch GET 200 https://registry.npmjs.org/picomatch/-/picomatch-2.3.1.tgz 357ms (cache miss)
384 http fetch GET 200 https://registry.npmjs.org/p-locate/-/p-locate-5.0.0.tgz 369ms (cache miss)
385 http fetch GET 200 https://registry.npmjs.org/path-exists/-/path-exists-4.0.0.tgz 386ms (cache miss)
386 http fetch GET 200 https://registry.npmjs.org/ms/-/ms-2.1.2.tgz 386ms (cache miss)
387 http fetch GET 200 https://registry.npmjs.org/lru-cache/-/lru-cache-6.0.0.tgz 386ms (cache miss)
388 http fetch GET 200 https://registry.npmjs.org/natural-compare/-/natural-compare-1.4.0.tgz 387ms (cache miss)
389 http fetch GET 200 https://registry.npmjs.org/minimatch/-/minimatch-3.1.2.tgz 388ms (cache miss)
390 http fetch GET 200 https://registry.npmjs.org/optionator/-/optionator-0.9.3.tgz 389ms (cache miss)
391 http fetch GET 200 https://registry.npmjs.org/p-limit/-/p-limit-3.1.0.tgz 389ms (cache miss)
392 http fetch GET 200 https://registry.npmjs.org/natural-compare-lite/-/natural-compare-lite-1.4.0.tgz 389ms (cache miss)
393 http fetch GET 200 https://registry.npmjs.org/once/-/once-1.4.0.tgz 389ms (cache miss)
394 http fetch GET 200 https://registry.npmjs.org/micromatch/-/micromatch-4.0.5.tgz 393ms (cache miss)
395 http fetch GET 200 https://registry.npmjs.org/merge2/-/merge2-1.4.1.tgz 404ms (cache miss)
396 http fetch GET 200 https://registry.npmjs.org/locate-path/-/locate-path-6.0.0.tgz 411ms (cache miss)
397 http fetch GET 200 https://registry.npmjs.org/levn/-/levn-0.4.1.tgz 423ms (cache miss)
398 http fetch GET 200 https://registry.npmjs.org/json-stable-stringify-without-jsonify/-/json-stable-stringify-without-jsonify-1.0.1.tgz 427ms (cache miss)
399 http fetch GET 200 https://registry.npmjs.org/is-number/-/is-number-7.0.0.tgz 447ms (cache miss)
400 http fetch GET 200 https://registry.npmjs.org/keyv/-/keyv-4.5.4.tgz 449ms (cache miss)
401 http fetch GET 200 https://registry.npmjs.org/json-schema-traverse/-/json-schema-traverse-0.4.1.tgz 449ms (cache miss)
402 http fetch GET 200 https://registry.npmjs.org/json-buffer/-/json-buffer-3.0.1.tgz 456ms (cache miss)
403 http fetch GET 200 https://registry.npmjs.org/is-path-inside/-/is-path-inside-3.0.3.tgz 456ms (cache miss)
404 http fetch GET 200 https://registry.npmjs.org/inherits/-/inherits-2.0.4.tgz 472ms (cache miss)
405 http fetch GET 200 https://registry.npmjs.org/is-glob/-/is-glob-4.0.3.tgz 472ms (cache miss)
406 http fetch GET 200 https://registry.npmjs.org/isexe/-/isexe-2.0.0.tgz 472ms (cache miss)
407 http fetch GET 200 https://registry.npmjs.org/imurmurhash/-/imurmurhash-0.1.4.tgz 480ms (cache miss)
408 http fetch GET 200 https://registry.npmjs.org/lodash.merge/-/lodash.merge-4.6.2.tgz 483ms (cache miss)
409 http fetch GET 200 https://registry.npmjs.org/import-fresh/-/import-fresh-3.3.0.tgz 497ms (cache miss)
410 http fetch GET 200 https://registry.npmjs.org/is-extglob/-/is-extglob-2.1.1.tgz 513ms (cache miss)
411 http fetch GET 200 https://registry.npmjs.org/ignore/-/ignore-5.3.0.tgz 514ms (cache miss)
412 http fetch GET 200 https://registry.npmjs.org/has-flag/-/has-flag-4.0.0.tgz 541ms (cache miss)
413 http fetch GET 200 https://registry.npmjs.org/graphemer/-/graphemer-1.4.0.tgz 541ms (cache miss)
414 http fetch GET 200 https://registry.npmjs.org/js-yaml/-/js-yaml-4.1.0.tgz 548ms (cache miss)
415 http fetch GET 200 https://registry.npmjs.org/inflight/-/inflight-1.0.6.tgz 548ms (cache miss)
416 http fetch GET 200 https://registry.npmjs.org/glob/-/glob-7.2.3.tgz 551ms (cache miss)
417 http fetch GET 200 https://registry.npmjs.org/globals/-/globals-13.24.0.tgz 555ms (cache miss)
418 http fetch GET 200 https://registry.npmjs.org/globby/-/globby-11.1.0.tgz 561ms (cache miss)
419 http fetch GET 200 https://registry.npmjs.org/fs.realpath/-/fs.realpath-1.0.0.tgz 561ms (cache miss)
420 http fetch GET 200 https://registry.npmjs.org/find-up/-/find-up-5.0.0.tgz 574ms (cache miss)
421 http fetch GET 200 https://registry.npmjs.org/fill-range/-/fill-range-7.0.1.tgz 574ms (cache miss)
422 http fetch GET 200 https://registry.npmjs.org/glob-parent/-/glob-parent-6.0.2.tgz 576ms (cache miss)
423 http fetch GET 200 https://registry.npmjs.org/flatted/-/flatted-3.2.9.tgz 577ms (cache miss)
424 http fetch GET 200 https://registry.npmjs.org/fast-levenshtein/-/fast-levenshtein-2.0.6.tgz 614ms (cache miss)
425 http fetch GET 200 https://registry.npmjs.org/file-entry-cache/-/file-entry-cache-6.0.1.tgz 615ms (cache miss)
426 http fetch GET 200 https://registry.npmjs.org/flat-cache/-/flat-cache-3.2.0.tgz 632ms (cache miss)
427 http fetch GET 200 https://registry.npmjs.org/fast-json-stable-stringify/-/fast-json-stable-stringify-2.1.0.tgz 636ms (cache miss)
428 http fetch GET 200 https://registry.npmjs.org/esquery/-/esquery-1.5.0.tgz 636ms (cache miss)
429 http fetch GET 200 https://registry.npmjs.org/fastq/-/fastq-1.16.0.tgz 637ms (cache miss)
430 http fetch GET 200 https://registry.npmjs.org/eslint-visitor-keys/-/eslint-visitor-keys-3.4.3.tgz 642ms (cache miss)
431 http fetch GET 200 https://registry.npmjs.org/fast-deep-equal/-/fast-deep-equal-3.1.3.tgz 646ms (cache miss)
432 http fetch GET 200 https://registry.npmjs.org/esrecurse/-/esrecurse-4.3.0.tgz 646ms (cache miss)
433 http fetch GET 200 https://registry.npmjs.org/eslint-scope/-/eslint-scope-5.1.1.tgz 650ms (cache miss)
434 http fetch GET 200 https://registry.npmjs.org/esutils/-/esutils-2.0.3.tgz 650ms (cache miss)
435 http fetch GET 200 https://registry.npmjs.org/fast-glob/-/fast-glob-3.3.2.tgz 652ms (cache miss)
436 http fetch GET 200 https://registry.npmjs.org/doctrine/-/doctrine-3.0.0.tgz 660ms (cache miss)
437 http fetch GET 200 https://registry.npmjs.org/espree/-/espree-9.6.1.tgz 707ms (cache miss)
438 http fetch GET 200 https://registry.npmjs.org/escape-string-regexp/-/escape-string-regexp-4.0.0.tgz 712ms (cache miss)
439 http fetch GET 200 https://registry.npmjs.org/deep-is/-/deep-is-0.1.4.tgz 716ms (cache miss)
440 http fetch GET 200 https://registry.npmjs.org/cross-spawn/-/cross-spawn-7.0.3.tgz 722ms (cache miss)
441 http fetch GET 200 https://registry.npmjs.org/dir-glob/-/dir-glob-3.0.1.tgz 724ms (cache miss)
442 http fetch GET 200 https://registry.npmjs.org/color-name/-/color-name-1.1.4.tgz 731ms (cache miss)
443 http fetch GET 200 https://registry.npmjs.org/debug/-/debug-4.3.4.tgz 754ms (cache miss)
444 http fetch GET 200 https://registry.npmjs.org/color-convert/-/color-convert-2.0.1.tgz 761ms (cache miss)
445 http fetch GET 200 https://registry.npmjs.org/brace-expansion/-/brace-expansion-1.1.11.tgz 764ms (cache miss)
446 http fetch GET 200 https://registry.npmjs.org/chalk/-/chalk-4.1.2.tgz 770ms (cache miss)
447 http fetch GET 200 https://registry.npmjs.org/callsites/-/callsites-3.1.0.tgz 770ms (cache miss)
448 http fetch GET 200 https://registry.npmjs.org/braces/-/braces-3.0.2.tgz 774ms (cache miss)
449 http fetch GET 200 https://registry.npmjs.org/concat-map/-/concat-map-0.0.1.tgz 775ms (cache miss)
450 http fetch GET 200 https://registry.npmjs.org/estraverse/-/estraverse-4.3.0.tgz 792ms (cache miss)
451 http fetch GET 200 https://registry.npmjs.org/balanced-match/-/balanced-match-1.0.2.tgz 793ms (cache miss)
452 http fetch GET 200 https://registry.npmjs.org/array-union/-/array-union-2.1.0.tgz 793ms (cache miss)
453 http fetch GET 200 https://registry.npmjs.org/typescript/-/typescript-5.3.3.tgz 812ms (cache miss)
454 http fetch GET 200 https://registry.npmjs.org/acorn-jsx/-/acorn-jsx-5.3.2.tgz 803ms (cache miss)
455 http fetch GET 200 https://registry.npmjs.org/argparse/-/argparse-2.0.1.tgz 813ms (cache miss)
456 http fetch GET 200 https://registry.npmjs.org/acorn/-/acorn-8.11.3.tgz 819ms (cache miss)
457 http fetch GET 200 https://registry.npmjs.org/ansi-styles/-/ansi-styles-4.3.0.tgz 824ms (cache miss)
458 http fetch GET 200 https://registry.npmjs.org/ansi-regex/-/ansi-regex-5.0.1.tgz 825ms (cache miss)
459 http fetch GET 200 https://registry.npmjs.org/eslint/-/eslint-8.56.0.tgz 831ms (cache miss)
460 http fetch GET 200 https://registry.npmjs.org/ajv/-/ajv-6.12.6.tgz 831ms (cache miss)
461 http fetch GET 200 https://registry.npmjs.org/@typescript-eslint/visitor-keys/-/visitor-keys-5.62.0.tgz 838ms (cache miss)
462 http fetch GET 200 https://registry.npmjs.org/@typescript-eslint/types/-/types-5.62.0.tgz 843ms (cache miss)
463 http fetch GET 200 https://registry.npmjs.org/@ungap/structured-clone/-/structured-clone-1.2.0.tgz 845ms (cache miss)
464 http fetch GET 200 https://registry.npmjs.org/@typescript-eslint/parser/-/parser-5.62.0.tgz 847ms (cache miss)
465 http fetch GET 200 https://registry.npmjs.org/@types/semver/-/semver-7.5.6.tgz 851ms (cache miss)
466 http fetch GET 200 https://registry.npmjs.org/@types/json-schema/-/json-schema-7.0.15.tgz 855ms (cache miss)
467 http fetch GET 200 https://registry.npmjs.org/@typescript-eslint/type-utils/-/type-utils-5.62.0.tgz 871ms (cache miss)
468 http fetch GET 200 https://registry.npmjs.org/@nodelib/fs.scandir/-/fs.scandir-2.1.5.tgz 881ms (cache miss)
469 http fetch GET 200 https://registry.npmjs.org/@humanwhocodes/module-importer/-/module-importer-1.0.1.tgz 901ms (cache miss)
470 http fetch GET 200 https://registry.npmjs.org/@nodelib/fs.stat/-/fs.stat-2.0.5.tgz 901ms (cache miss)
471 http fetch GET 200 https://registry.npmjs.org/@humanwhocodes/config-array/-/config-array-0.11.14.tgz 902ms (cache miss)
472 http fetch GET 200 https://registry.npmjs.org/@humanwhocodes/object-schema/-/object-schema-2.0.2.tgz 906ms (cache miss)
473 http fetch GET 200 https://registry.npmjs.org/@nodelib/fs.walk/-/fs.walk-1.2.8.tgz 907ms (cache miss)
474 http fetch GET 200 https://registry.npmjs.org/@typescript-eslint/utils/-/utils-5.62.0.tgz 919ms (cache miss)
475 http fetch GET 200 https://registry.npmjs.org/@typescript-eslint/typescript-estree/-/typescript-estree-5.62.0.tgz 922ms (cache miss)
476 http fetch GET 200 https://registry.npmjs.org/@typescript-eslint/scope-manager/-/scope-manager-5.62.0.tgz 924ms (cache miss)
477 http fetch GET 200 https://registry.npmjs.org/@typescript-eslint/eslint-plugin/-/eslint-plugin-5.62.0.tgz 936ms (cache miss)
478 http fetch GET 200 https://registry.npmjs.org/@girs/gvc-1.0/-/gvc-1.0-1.0.0-3.2.7.tgz 997ms (cache miss)
479 http fetch GET 200 https://registry.npmjs.org/@girs/xlib-2.0/-/xlib-2.0-2.0.0-3.2.7.tgz 1024ms (cache miss)
480 http fetch GET 200 https://registry.npmjs.org/@girs/notify-0.7/-/notify-0.7-0.8.3-3.2.7.tgz 1024ms (cache miss)
481 http fetch GET 200 https://registry.npmjs.org/@girs/nm-1.0/-/nm-1.0-1.43.1-3.1.0.tgz 1027ms (cache miss)
482 http fetch GET 200 https://registry.npmjs.org/@girs/soup-3.0/-/soup-3.0-3.4.4-3.2.7.tgz 1031ms (cache miss)
483 http fetch GET 200 https://registry.npmjs.org/@girs/gobject-2.0/-/gobject-2.0-2.78.0-3.2.7.tgz 1041ms (cache miss)
484 http fetch GET 200 https://registry.npmjs.org/@girs/gmodule-2.0/-/gmodule-2.0-2.0.0-3.2.7.tgz 1049ms (cache miss)
485 http fetch GET 200 https://registry.npmjs.org/@girs/pango-1.0/-/pango-1.0-1.51.0-3.2.7.tgz 1069ms (cache miss)
486 http fetch GET 200 https://registry.npmjs.org/@girs/gdkpixbuf-2.0/-/gdkpixbuf-2.0-2.0.0-3.2.7.tgz 1088ms (cache miss)
487 http fetch GET 200 https://registry.npmjs.org/@girs/gjs/-/gjs-3.2.7.tgz 1093ms (cache miss)
488 http fetch GET 200 https://registry.npmjs.org/@girs/harfbuzz-0.0/-/harfbuzz-0.0-8.2.1-3.2.7.tgz 1095ms (cache miss)
489 http fetch GET 200 https://registry.npmjs.org/@girs/gdk-3.0/-/gdk-3.0-3.24.38-3.2.7.tgz 1111ms (cache miss)
490 http fetch GET 200 https://registry.npmjs.org/@eslint/js/-/js-8.56.0.tgz 1141ms (cache miss)
491 http fetch GET 200 https://registry.npmjs.org/@girs/gio-2.0/-/gio-2.0-2.78.0-3.2.7.tgz 1176ms (cache miss)
492 http fetch GET 200 https://registry.npmjs.org/@eslint-community/regexpp/-/regexpp-4.10.0.tgz 1176ms (cache miss)
493 http fetch GET 200 https://registry.npmjs.org/glob-parent/-/glob-parent-5.1.2.tgz 1194ms (cache miss)
494 http fetch GET 200 https://registry.npmjs.org/@eslint-community/eslint-utils/-/eslint-utils-4.4.0.tgz 1194ms (cache miss)
495 http fetch GET 200 https://registry.npmjs.org/@girs/dbusmenu-0.4/-/dbusmenu-0.4-0.4.0-3.2.7.tgz 1199ms (cache miss)
496 http fetch GET 200 https://registry.npmjs.org/estraverse/-/estraverse-5.3.0.tgz 1199ms (cache miss)
497 http fetch GET 200 https://registry.npmjs.org/@girs/glib-2.0/-/glib-2.0-2.78.0-3.2.7.tgz 1207ms (cache miss)
498 http fetch GET 200 https://registry.npmjs.org/@eslint/eslintrc/-/eslintrc-2.1.4.tgz 1219ms (cache miss)
499 http fetch GET 200 https://registry.npmjs.org/@girs/dbusmenugtk3-0.4/-/dbusmenugtk3-0.4-0.4.0-3.2.7.tgz 1229ms (cache miss)
500 http fetch GET 200 https://registry.npmjs.org/estraverse/-/estraverse-5.3.0.tgz 1253ms (cache miss)
501 http fetch GET 200 https://registry.npmjs.org/@girs/freetype2-2.0/-/freetype2-2.0-2.0.0-3.2.7.tgz 1255ms (cache miss)
502 http fetch GET 200 https://registry.npmjs.org/@aashutoshrathi/word-wrap/-/word-wrap-1.2.6.tgz 1261ms (cache miss)
503 http fetch GET 200 https://registry.npmjs.org/@girs/cairo-1.0/-/cairo-1.0-1.0.0-3.2.7.tgz 1263ms (cache miss)
504 http fetch GET 200 https://registry.npmjs.org/@girs/atk-1.0/-/atk-1.0-2.50.0-3.2.7.tgz 1270ms (cache miss)
505 http fetch GET 200 https://registry.npmjs.org/estraverse/-/estraverse-5.3.0.tgz 1272ms (cache miss)
506 http fetch GET 200 https://registry.npmjs.org/eslint-scope/-/eslint-scope-7.2.2.tgz 1273ms (cache miss)
507 http fetch GET 200 https://registry.npmjs.org/@girs/gtk-3.0/-/gtk-3.0-3.24.39-3.2.2.tgz 1289ms (cache miss)
508 http fetch GET 200 https://registry.npmjs.org/@girs/gobject-2.0/-/gobject-2.0-2.77.0-3.2.2.tgz 1293ms (cache miss)
509 http fetch GET 200 https://registry.npmjs.org/@girs/gobject-2.0/-/gobject-2.0-2.76.1-3.2.3.tgz 1368ms (cache miss)
510 http fetch GET 200 https://registry.npmjs.org/braces 1134ms (cache miss)
511 silly packumentCache corgi:https://registry.npmjs.org/braces set size:undefined disposed:false
512 http fetch GET 200 https://registry.npmjs.org/@girs/glib-2.0/-/glib-2.0-2.76.1-3.2.3.tgz 1387ms (cache miss)
513 http fetch GET 200 https://registry.npmjs.org/cross-spawn 1150ms (cache miss)
514 silly packumentCache corgi:https://registry.npmjs.org/cross-spawn set size:undefined disposed:false
515 http fetch GET 200 https://registry.npmjs.org/micromatch 1153ms (cache miss)
516 silly packumentCache corgi:https://registry.npmjs.org/micromatch set size:undefined disposed:false
517 http fetch GET 200 https://registry.npmjs.org/@girs/gdk-3.0/-/gdk-3.0-3.24.39-3.2.2.tgz 1408ms (cache miss)
518 silly packumentCache corgi:https://registry.npmjs.org/eslint cache-miss
519 http fetch GET 200 https://registry.npmjs.org/@girs/glib-2.0/-/glib-2.0-2.76.1-3.2.3.tgz 1414ms (cache miss)
520 http fetch GET 200 https://registry.npmjs.org/@girs/harfbuzz-0.0/-/harfbuzz-0.0-7.1.0-3.2.3.tgz 1418ms (cache miss)
521 http fetch GET 200 https://registry.npmjs.org/@girs/atk-1.0/-/atk-1.0-2.45.1-3.2.2.tgz 1504ms (cache miss)
522 http fetch GET 200 https://registry.npmjs.org/@girs/gobject-2.0/-/gobject-2.0-2.76.1-3.2.3.tgz 1517ms (cache miss)
523 http fetch GET 200 https://registry.npmjs.org/@girs/gio-2.0/-/gio-2.0-2.76.1-3.2.3.tgz 1559ms (cache miss)
524 http fetch GET 200 https://registry.npmjs.org/eslint 173ms (cache miss)
525 silly packumentCache corgi:https://registry.npmjs.org/eslint set size:undefined disposed:false
526 silly packumentCache corgi:https://registry.npmjs.org/fast-glob cache-miss
527 http fetch GET 200 https://registry.npmjs.org/@girs/gio-2.0/-/gio-2.0-2.77.0-3.2.2.tgz 1597ms (cache miss)
528 http fetch GET 200 https://registry.npmjs.org/@girs/glib-2.0/-/glib-2.0-2.77.0-3.2.2.tgz 1601ms (cache miss)
529 http fetch GET 200 https://registry.npmjs.org/@girs/gtk-3.0/-/gtk-3.0-3.24.38-3.2.7.tgz 1639ms (cache miss)
530 http fetch GET 200 https://registry.npmjs.org/fast-glob 92ms (cache miss)
531 silly packumentCache corgi:https://registry.npmjs.org/fast-glob set size:undefined disposed:false
532 silly ADD node_modules/yocto-queue
533 silly ADD node_modules/yallist
534 silly ADD node_modules/wrappy
535 silly ADD node_modules/which
536 silly ADD node_modules/uri-js
537 silly ADD node_modules/typescript
538 silly ADD node_modules/type-fest
539 silly ADD node_modules/type-check
540 silly ADD node_modules/tsutils
541 silly ADD node_modules/tslib
542 silly ADD node_modules/to-regex-range
543 silly ADD node_modules/text-table
544 silly ADD node_modules/supports-color
545 silly ADD node_modules/strip-json-comments
546 silly ADD node_modules/strip-ansi
547 silly ADD node_modules/slash
548 silly ADD node_modules/shebang-regex
549 silly ADD node_modules/shebang-command
550 silly ADD node_modules/semver
551 silly ADD node_modules/run-parallel
552 silly ADD node_modules/rimraf
553 silly ADD node_modules/reusify
554 silly ADD node_modules/resolve-from
555 silly ADD node_modules/queue-microtask
556 silly ADD node_modules/punycode
557 silly ADD node_modules/prelude-ls
558 silly ADD node_modules/picomatch
559 silly ADD node_modules/path-type
560 silly ADD node_modules/path-key
561 silly ADD node_modules/path-is-absolute
562 silly ADD node_modules/path-exists
563 silly ADD node_modules/parent-module
564 silly ADD node_modules/p-locate
565 silly ADD node_modules/p-limit
566 silly ADD node_modules/optionator
567 silly ADD node_modules/once
568 silly ADD node_modules/natural-compare-lite
569 silly ADD node_modules/natural-compare
570 silly ADD node_modules/ms
571 silly ADD node_modules/minimatch
572 silly ADD node_modules/micromatch
573 silly ADD node_modules/merge2
574 silly ADD node_modules/lru-cache
575 silly ADD node_modules/lodash.merge
576 silly ADD node_modules/locate-path
577 silly ADD node_modules/levn
578 silly ADD node_modules/keyv
579 silly ADD node_modules/json-stable-stringify-without-jsonify
580 silly ADD node_modules/json-schema-traverse
581 silly ADD node_modules/json-buffer
582 silly ADD node_modules/js-yaml
583 silly ADD node_modules/isexe
584 silly ADD node_modules/is-path-inside
585 silly ADD node_modules/is-number
586 silly ADD node_modules/is-glob
587 silly ADD node_modules/is-extglob
588 silly ADD node_modules/inherits
589 silly ADD node_modules/inflight
590 silly ADD node_modules/imurmurhash
591 silly ADD node_modules/import-fresh
592 silly ADD node_modules/ignore
593 silly ADD node_modules/has-flag
594 silly ADD node_modules/graphemer
595 silly ADD node_modules/globby
596 silly ADD node_modules/globals
597 silly ADD node_modules/glob-parent
598 silly ADD node_modules/glob
599 silly ADD node_modules/fs.realpath
600 silly ADD node_modules/flatted
601 silly ADD node_modules/flat-cache
602 silly ADD node_modules/find-up
603 silly ADD node_modules/fill-range
604 silly ADD node_modules/file-entry-cache
605 silly ADD node_modules/fastq
606 silly ADD node_modules/fast-levenshtein
607 silly ADD node_modules/fast-json-stable-stringify
608 silly ADD node_modules/fast-glob
609 silly ADD node_modules/fast-glob/node_modules/glob-parent
610 silly ADD node_modules/fast-deep-equal
611 silly ADD node_modules/esutils
612 silly ADD node_modules/estraverse
613 silly ADD node_modules/esrecurse
614 silly ADD node_modules/esrecurse/node_modules/estraverse
615 silly ADD node_modules/esquery
616 silly ADD node_modules/esquery/node_modules/estraverse
617 silly ADD node_modules/espree
618 silly ADD node_modules/eslint-visitor-keys
619 silly ADD node_modules/eslint-scope
620 silly ADD node_modules/eslint
621 silly ADD node_modules/eslint/node_modules/estraverse
622 silly ADD node_modules/eslint/node_modules/eslint-scope
623 silly ADD node_modules/escape-string-regexp
624 silly ADD node_modules/doctrine
625 silly ADD node_modules/dir-glob
626 silly ADD node_modules/deep-is
627 silly ADD node_modules/debug
628 silly ADD node_modules/cross-spawn
629 silly ADD node_modules/concat-map
630 silly ADD node_modules/color-name
631 silly ADD node_modules/color-convert
632 silly ADD node_modules/chalk
633 silly ADD node_modules/callsites
634 silly ADD node_modules/braces
635 silly ADD node_modules/brace-expansion
636 silly ADD node_modules/balanced-match
637 silly ADD node_modules/array-union
638 silly ADD node_modules/argparse
639 silly ADD node_modules/ansi-styles
640 silly ADD node_modules/ansi-regex
641 silly ADD node_modules/ajv
642 silly ADD node_modules/acorn-jsx
643 silly ADD node_modules/acorn
644 silly ADD node_modules/@ungap/structured-clone
645 silly ADD node_modules/@typescript-eslint/visitor-keys
646 silly ADD node_modules/@typescript-eslint/utils
647 silly ADD node_modules/@typescript-eslint/typescript-estree
648 silly ADD node_modules/@typescript-eslint/types
649 silly ADD node_modules/@typescript-eslint/type-utils
650 silly ADD node_modules/@typescript-eslint/scope-manager
651 silly ADD node_modules/@typescript-eslint/parser
652 silly ADD node_modules/@typescript-eslint/eslint-plugin
653 silly ADD node_modules/@types/semver
654 silly ADD node_modules/@types/json-schema
655 silly ADD node_modules/@nodelib/fs.walk
656 silly ADD node_modules/@nodelib/fs.stat
657 silly ADD node_modules/@nodelib/fs.scandir
658 silly ADD node_modules/@humanwhocodes/object-schema
659 silly ADD node_modules/@humanwhocodes/module-importer
660 silly ADD node_modules/@humanwhocodes/config-array
661 silly ADD node_modules/@girs/xlib-2.0
662 silly ADD node_modules/@girs/soup-3.0
663 silly ADD node_modules/@girs/pango-1.0
664 silly ADD node_modules/@girs/notify-0.7
665 silly ADD node_modules/@girs/nm-1.0
666 silly ADD node_modules/@girs/nm-1.0/node_modules/@girs/gobject-2.0
667 silly ADD node_modules/@girs/nm-1.0/node_modules/@girs/glib-2.0
668 silly ADD node_modules/@girs/nm-1.0/node_modules/@girs/gio-2.0
669 silly ADD node_modules/@girs/harfbuzz-0.0
670 silly ADD node_modules/@girs/gvc-1.0
671 silly ADD node_modules/@girs/gtk-3.0
672 silly ADD node_modules/@girs/gtk-3.0/node_modules/@girs/harfbuzz-0.0
673 silly ADD node_modules/@girs/gtk-3.0/node_modules/@girs/harfbuzz-0.0/node_modules/@girs/gobject-2.0
674 silly ADD node_modules/@girs/gtk-3.0/node_modules/@girs/harfbuzz-0.0/node_modules/@girs/glib-2.0
675 silly ADD node_modules/@girs/gtk-3.0/node_modules/@girs/gobject-2.0
676 silly ADD node_modules/@girs/gtk-3.0/node_modules/@girs/glib-2.0
677 silly ADD node_modules/@girs/gtk-3.0/node_modules/@girs/gio-2.0
678 silly ADD node_modules/@girs/gtk-3.0/node_modules/@girs/gdk-3.0
679 silly ADD node_modules/@girs/gtk-3.0/node_modules/@girs/atk-1.0
680 silly ADD node_modules/@girs/gobject-2.0
681 silly ADD node_modules/@girs/gmodule-2.0
682 silly ADD node_modules/@girs/glib-2.0
683 silly ADD node_modules/@girs/gjs
684 silly ADD node_modules/@girs/gio-2.0
685 silly ADD node_modules/@girs/gdkpixbuf-2.0
686 silly ADD node_modules/@girs/gdk-3.0
687 silly ADD node_modules/@girs/freetype2-2.0
688 silly ADD node_modules/@girs/dbusmenugtk3-0.4
689 silly ADD node_modules/@girs/dbusmenugtk3-0.4/node_modules/@girs/gtk-3.0
690 silly ADD node_modules/@girs/dbusmenu-0.4
691 silly ADD node_modules/@girs/cairo-1.0
692 silly ADD node_modules/@girs/atk-1.0
693 silly ADD node_modules/@eslint/js
694 silly ADD node_modules/@eslint/eslintrc
695 silly ADD node_modules/@eslint-community/regexpp
696 silly ADD node_modules/@eslint-community/eslint-utils
697 silly ADD node_modules/@aashutoshrathi/word-wrap
698 verbose cwd /home/vincent/.cache/dots-hyprland/arch-packages/illogical-impulse-agsv1-git/src/ii-agsv1
699 verbose os Linux 6.14.10-arch1-1
700 verbose node v24.1.0
701 verbose npm  v11.4.1
702 verbose exit 0
703 info ok
